{"type":"server-started","port":53242,"host":"127.0.0.1","url_host":"localhost","url":"http://localhost:53242","screen_dir":"/Users/meherzan/Desktop/My Projects/Fitness App - New/repped/.superpowers/brainstorm/91095-1774399426"}
{"type":"screen-added","file":"/Users/meherzan/Desktop/My Projects/Fitness App - New/repped/.superpowers/brainstorm/91095-1774399426/progress-heatmap.html"}
{"type":"screen-added","file":"/Users/meherzan/Desktop/My Projects/Fitness App - New/repped/.superpowers/brainstorm/91095-1774399426/progress-rings-animated.html"}
{"type":"screen-updated","file":"/Users/meherzan/Desktop/My Projects/Fitness App - New/repped/.superpowers/brainstorm/91095-1774399426/progress-heatmap.html"}
{"type":"screen-added","file":"/Users/meherzan/Desktop/My Projects/Fitness App - New/repped/.superpowers/brainstorm/91095-1774399426/progress-heatmap-clean.html"}
{"type":"screen-added","file":"/Users/meherzan/Desktop/My Projects/Fitness App - New/repped/.superpowers/brainstorm/91095-1774399426/progress-heatmap-fresh.html"}
{"type":"screen-added","file":"/Users/meherzan/Desktop/My Projects/Fitness App - New/repped/.superpowers/brainstorm/91095-1774399426/progress-bottom-elements.html"}
{"type":"screen-added","file":"/Users/meherzan/Desktop/My Projects/Fitness App - New/repped/.superpowers/brainstorm/91095-1774399426/progress-bottom-v2.html"}
{"type":"screen-added","file":"/Users/meherzan/Desktop/My Projects/Fitness App - New/repped/.superpowers/brainstorm/91095-1774399426/progress-bottom-v3.html"}
{"type":"screen-added","file":"/Users/meherzan/Desktop/My Projects/Fitness App - New/repped/.superpowers/brainstorm/91095-1774399426/progress-prs-meas.html"}
{"type":"screen-added","file":"/Users/meherzan/Desktop/My Projects/Fitness App - New/repped/.superpowers/brainstorm/91095-1774399426/progress-complete.html"}
{"type":"screen-updated","file":"/Users/meherzan/Desktop/My Projects/Fitness App - New/repped/.superpowers/brainstorm/91095-1774399426/progress-complete.html"}
{"type":"screen-updated","file":"/Users/meherzan/Desktop/My Projects/Fitness App - New/repped/.superpowers/brainstorm/91095-1774399426/progress-complete.html"}
{"type":"screen-updated","file":"/Users/meherzan/Desktop/My Projects/Fitness App - New/repped/.superpowers/brainstorm/91095-1774399426/progress-complete.html"}
{"type":"screen-updated","file":"/Users/meherzan/Desktop/My Projects/Fitness App - New/repped/.superpowers/brainstorm/91095-1774399426/progress-complete.html"}
{"type":"screen-updated","file":"/Users/meherzan/Desktop/My Projects/Fitness App - New/repped/.superpowers/brainstorm/91095-1774399426/progress-complete.html"}
{"type":"screen-updated","file":"/Users/meherzan/Desktop/My Projects/Fitness App - New/repped/.superpowers/brainstorm/91095-1774399426/progress-complete.html"}
{"type":"screen-updated","file":"/Users/meherzan/Desktop/My Projects/Fitness App - New/repped/.superpowers/brainstorm/91095-1774399426/progress-complete.html"}
{"type":"screen-updated","file":"/Users/meherzan/Desktop/My Projects/Fitness App - New/repped/.superpowers/brainstorm/91095-1774399426/progress-complete.html"}
{"type":"screen-updated","file":"/Users/meherzan/Desktop/My Projects/Fitness App - New/repped/.superpowers/brainstorm/91095-1774399426/progress-complete.html"}
{"type":"screen-updated","file":"/Users/meherzan/Desktop/My Projects/Fitness App - New/repped/.superpowers/brainstorm/91095-1774399426/progress-complete.html"}
{"type":"screen-updated","file":"/Users/meherzan/Desktop/My Projects/Fitness App - New/repped/.superpowers/brainstorm/91095-1774399426/progress-complete.html"}
{"type":"screen-updated","file":"/Users/meherzan/Desktop/My Projects/Fitness App - New/repped/.superpowers/brainstorm/91095-1774399426/progress-complete.html"}
{"type":"screen-updated","file":"/Users/meherzan/Desktop/My Projects/Fitness App - New/repped/.superpowers/brainstorm/91095-1774399426/progress-complete.html"}
{"type":"screen-updated","file":"/Users/meherzan/Desktop/My Projects/Fitness App - New/repped/.superpowers/brainstorm/91095-1774399426/progress-complete.html"}
{"type":"screen-updated","file":"/Users/meherzan/Desktop/My Projects/Fitness App - New/repped/.superpowers/brainstorm/91095-1774399426/progress-complete.html"}
{"type":"screen-updated","file":"/Users/meherzan/Desktop/My Projects/Fitness App - New/repped/.superpowers/brainstorm/91095-1774399426/progress-complete.html"}
{"type":"screen-updated","file":"/Users/meherzan/Desktop/My Projects/Fitness App - New/repped/.superpowers/brainstorm/91095-1774399426/progress-complete.html"}
{"type":"screen-updated","file":"/Users/meherzan/Desktop/My Projects/Fitness App - New/repped/.superpowers/brainstorm/91095-1774399426/progress-complete.html"}
{"type":"screen-updated","file":"/Users/meherzan/Desktop/My Projects/Fitness App - New/repped/.superpowers/brainstorm/91095-1774399426/progress-complete.html"}
{"type":"screen-updated","file":"/Users/meherzan/Desktop/My Projects/Fitness App - New/repped/.superpowers/brainstorm/91095-1774399426/progress-complete.html"}
{"type":"screen-updated","file":"/Users/meherzan/Desktop/My Projects/Fitness App - New/repped/.superpowers/brainstorm/91095-1774399426/progress-complete.html"}
{"type":"screen-updated","file":"/Users/meherzan/Desktop/My Projects/Fitness App - New/repped/.superpowers/brainstorm/91095-1774399426/progress-complete.html"}
{"type":"screen-updated","file":"/Users/meherzan/Desktop/My Projects/Fitness App - New/repped/.superpowers/brainstorm/91095-1774399426/progress-complete.html"}
{"type":"screen-updated","file":"/Users/meherzan/Desktop/My Projects/Fitness App - New/repped/.superpowers/brainstorm/91095-1774399426/progress-complete.html"}
{"type":"screen-updated","file":"/Users/meherzan/Desktop/My Projects/Fitness App - New/repped/.superpowers/brainstorm/91095-1774399426/progress-complete.html"}
{"type":"screen-updated","file":"/Users/meherzan/Desktop/My Projects/Fitness App - New/repped/.superpowers/brainstorm/91095-1774399426/progress-complete.html"}
{"type":"screen-updated","file":"/Users/meherzan/Desktop/My Projects/Fitness App - New/repped/.superpowers/brainstorm/91095-1774399426/progress-complete.html"}
{"type":"screen-added","file":"/Users/meherzan/Desktop/My Projects/Fitness App - New/repped/.superpowers/brainstorm/91095-1774399426/progress-ach-top.html"}
{"type":"screen-added","file":"/Users/meherzan/Desktop/My Projects/Fitness App - New/repped/.superpowers/brainstorm/91095-1774399426/progress-ach-v2.html"}
{"type":"screen-added","file":"/Users/meherzan/Desktop/My Projects/Fitness App - New/repped/.superpowers/brainstorm/91095-1774399426/progress-trophy-shelf.html"}
{"type":"screen-updated","file":"/Users/meherzan/Desktop/My Projects/Fitness App - New/repped/.superpowers/brainstorm/91095-1774399426/progress-complete.html"}
{"type":"screen-updated","file":"/Users/meherzan/Desktop/My Projects/Fitness App - New/repped/.superpowers/brainstorm/91095-1774399426/progress-complete.html"}
{"type":"screen-updated","file":"/Users/meherzan/Desktop/My Projects/Fitness App - New/repped/.superpowers/brainstorm/91095-1774399426/progress-complete.html"}
{"type":"screen-updated","file":"/Users/meherzan/Desktop/My Projects/Fitness App - New/repped/.superpowers/brainstorm/91095-1774399426/progress-complete.html"}
{"type":"screen-updated","file":"/Users/meherzan/Desktop/My Projects/Fitness App - New/repped/.superpowers/brainstorm/91095-1774399426/progress-complete.html"}
{"type":"screen-updated","file":"/Users/meherzan/Desktop/My Projects/Fitness App - New/repped/.superpowers/brainstorm/91095-1774399426/progress-complete.html"}
{"type":"screen-updated","file":"/Users/meherzan/Desktop/My Projects/Fitness App - New/repped/.superpowers/brainstorm/91095-1774399426/progress-complete.html"}
{"type":"server-stopped","reason":"idle timeout"}
