{"type":"server-started","port":51055,"host":"127.0.0.1","url_host":"localhost","url":"http://localhost:51055","screen_dir":"/Users/meherzan/Desktop/My Projects/Fitness App - New/repped/.superpowers/brainstorm/51092-1777515989/content","state_dir":"/Users/meherzan/Desktop/My Projects/Fitness App - New/repped/.superpowers/brainstorm/51092-1777515989/state"}
{"type":"screen-added","file":"/Users/meherzan/Desktop/My Projects/Fitness App - New/repped/.superpowers/brainstorm/51092-1777515989/content/progress-v14.html"}
{"type":"screen-updated","file":"/Users/meherzan/Desktop/My Projects/Fitness App - New/repped/.superpowers/brainstorm/51092-1777515989/content/progress-v14.html"}
{"type":"screen-updated","file":"/Users/meherzan/Desktop/My Projects/Fitness App - New/repped/.superpowers/brainstorm/51092-1777515989/content/progress-v14.html"}
{"type":"screen-added","file":"/Users/meherzan/Desktop/My Projects/Fitness App - New/repped/.superpowers/brainstorm/51092-1777515989/content/progress-v15.html"}
{"type":"screen-updated","file":"/Users/meherzan/Desktop/My Projects/Fitness App - New/repped/.superpowers/brainstorm/51092-1777515989/content/progress-v15.html"}
{"type":"screen-added","file":"/Users/meherzan/Desktop/My Projects/Fitness App - New/repped/.superpowers/brainstorm/51092-1777515989/content/progress-v16.html"}
{"type":"screen-updated","file":"/Users/meherzan/Desktop/My Projects/Fitness App - New/repped/.superpowers/brainstorm/51092-1777515989/content/progress-v16.html"}
{"type":"screen-added","file":"/Users/meherzan/Desktop/My Projects/Fitness App - New/repped/.superpowers/brainstorm/51092-1777515989/content/progress-v17.html"}
{"type":"screen-updated","file":"/Users/meherzan/Desktop/My Projects/Fitness App - New/repped/.superpowers/brainstorm/51092-1777515989/content/progress-v17.html"}
{"type":"screen-added","file":"/Users/meherzan/Desktop/My Projects/Fitness App - New/repped/.superpowers/brainstorm/51092-1777515989/content/progress-v18.html"}
{"type":"screen-updated","file":"/Users/meherzan/Desktop/My Projects/Fitness App - New/repped/.superpowers/brainstorm/51092-1777515989/content/progress-v18.html"}
{"type":"screen-added","file":"/Users/meherzan/Desktop/My Projects/Fitness App - New/repped/.superpowers/brainstorm/51092-1777515989/content/progress-v19.html"}
{"type":"screen-updated","file":"/Users/meherzan/Desktop/My Projects/Fitness App - New/repped/.superpowers/brainstorm/51092-1777515989/content/progress-v19.html"}
{"type":"screen-added","file":"/Users/meherzan/Desktop/My Projects/Fitness App - New/repped/.superpowers/brainstorm/51092-1777515989/content/progress-v20.html"}
{"type":"screen-updated","file":"/Users/meherzan/Desktop/My Projects/Fitness App - New/repped/.superpowers/brainstorm/51092-1777515989/content/progress-v20.html"}
{"type":"screen-added","file":"/Users/meherzan/Desktop/My Projects/Fitness App - New/repped/.superpowers/brainstorm/51092-1777515989/content/progress-v21.html"}
{"type":"screen-updated","file":"/Users/meherzan/Desktop/My Projects/Fitness App - New/repped/.superpowers/brainstorm/51092-1777515989/content/progress-v21.html"}
{"type":"screen-added","file":"/Users/meherzan/Desktop/My Projects/Fitness App - New/repped/.superpowers/brainstorm/51092-1777515989/content/progress-v22.html"}
{"type":"screen-updated","file":"/Users/meherzan/Desktop/My Projects/Fitness App - New/repped/.superpowers/brainstorm/51092-1777515989/content/progress-v22.html"}
{"type":"screen-added","file":"/Users/meherzan/Desktop/My Projects/Fitness App - New/repped/.superpowers/brainstorm/51092-1777515989/content/progress-v23.html"}
{"type":"screen-updated","file":"/Users/meherzan/Desktop/My Projects/Fitness App - New/repped/.superpowers/brainstorm/51092-1777515989/content/progress-v23.html"}
{"type":"screen-added","file":"/Users/meherzan/Desktop/My Projects/Fitness App - New/repped/.superpowers/brainstorm/51092-1777515989/content/progress-v24.html"}
{"type":"screen-updated","file":"/Users/meherzan/Desktop/My Projects/Fitness App - New/repped/.superpowers/brainstorm/51092-1777515989/content/progress-v24.html"}
{"type":"screen-added","file":"/Users/meherzan/Desktop/My Projects/Fitness App - New/repped/.superpowers/brainstorm/51092-1777515989/content/progress-v25.html"}
{"type":"screen-updated","file":"/Users/meherzan/Desktop/My Projects/Fitness App - New/repped/.superpowers/brainstorm/51092-1777515989/content/progress-v25.html"}
{"type":"screen-added","file":"/Users/meherzan/Desktop/My Projects/Fitness App - New/repped/.superpowers/brainstorm/51092-1777515989/content/progress-v26.html"}
{"type":"screen-added","file":"/Users/meherzan/Desktop/My Projects/Fitness App - New/repped/.superpowers/brainstorm/51092-1777515989/content/weekly-styles.html"}
{"type":"screen-added","file":"/Users/meherzan/Desktop/My Projects/Fitness App - New/repped/.superpowers/brainstorm/51092-1777515989/content/weekly-styles-v2.html"}
{"type":"screen-added","file":"/Users/meherzan/Desktop/My Projects/Fitness App - New/repped/.superpowers/brainstorm/51092-1777515989/content/weekly-premium.html"}
{"type":"screen-added","file":"/Users/meherzan/Desktop/My Projects/Fitness App - New/repped/.superpowers/brainstorm/51092-1777515989/content/weekly-final.html"}
{"type":"screen-added","file":"/Users/meherzan/Desktop/My Projects/Fitness App - New/repped/.superpowers/brainstorm/51092-1777515989/content/weekly-clean.html"}
{"type":"screen-added","file":"/Users/meherzan/Desktop/My Projects/Fitness App - New/repped/.superpowers/brainstorm/51092-1777515989/content/weekly-ultra.html"}
{"type":"screen-added","file":"/Users/meherzan/Desktop/My Projects/Fitness App - New/repped/.superpowers/brainstorm/51092-1777515989/content/weekly-mix.html"}
{"type":"screen-updated","file":"/Users/meherzan/Desktop/My Projects/Fitness App - New/repped/.superpowers/brainstorm/51092-1777515989/content/weekly-mix.html"}
{"type":"screen-added","file":"/Users/meherzan/Desktop/My Projects/Fitness App - New/repped/.superpowers/brainstorm/51092-1777515989/content/weekly-mix2.html"}
{"type":"screen-updated","file":"/Users/meherzan/Desktop/My Projects/Fitness App - New/repped/.superpowers/brainstorm/51092-1777515989/content/weekly-mix2.html"}
{"type":"screen-added","file":"/Users/meherzan/Desktop/My Projects/Fitness App - New/repped/.superpowers/brainstorm/51092-1777515989/content/weekly-mix3.html"}
{"type":"screen-updated","file":"/Users/meherzan/Desktop/My Projects/Fitness App - New/repped/.superpowers/brainstorm/51092-1777515989/content/weekly-mix3.html"}
{"type":"screen-added","file":"/Users/meherzan/Desktop/My Projects/Fitness App - New/repped/.superpowers/brainstorm/51092-1777515989/content/weekly-mix4.html"}
{"type":"screen-added","file":"/Users/meherzan/Desktop/My Projects/Fitness App - New/repped/.superpowers/brainstorm/51092-1777515989/content/progress-full.html"}
{"type":"screen-added","file":"/Users/meherzan/Desktop/My Projects/Fitness App - New/repped/.superpowers/brainstorm/51092-1777515989/content/progress-final.html"}
{"type":"screen-updated","file":"/Users/meherzan/Desktop/My Projects/Fitness App - New/repped/.superpowers/brainstorm/51092-1777515989/content/progress-final.html"}
{"type":"screen-added","file":"/Users/meherzan/Desktop/My Projects/Fitness App - New/repped/.superpowers/brainstorm/51092-1777515989/content/progress-final2.html"}
{"type":"screen-updated","file":"/Users/meherzan/Desktop/My Projects/Fitness App - New/repped/.superpowers/brainstorm/51092-1777515989/content/progress-final2.html"}
{"type":"screen-added","file":"/Users/meherzan/Desktop/My Projects/Fitness App - New/repped/.superpowers/brainstorm/51092-1777515989/content/progress-final3.html"}
{"type":"screen-updated","file":"/Users/meherzan/Desktop/My Projects/Fitness App - New/repped/.superpowers/brainstorm/51092-1777515989/content/progress-final3.html"}
{"type":"screen-added","file":"/Users/meherzan/Desktop/My Projects/Fitness App - New/repped/.superpowers/brainstorm/51092-1777515989/content/progress-final4.html"}
{"type":"screen-updated","file":"/Users/meherzan/Desktop/My Projects/Fitness App - New/repped/.superpowers/brainstorm/51092-1777515989/content/progress-final4.html"}
{"type":"screen-added","file":"/Users/meherzan/Desktop/My Projects/Fitness App - New/repped/.superpowers/brainstorm/51092-1777515989/content/progress-final5.html"}
{"type":"screen-updated","file":"/Users/meherzan/Desktop/My Projects/Fitness App - New/repped/.superpowers/brainstorm/51092-1777515989/content/progress-final5.html"}
{"type":"screen-added","file":"/Users/meherzan/Desktop/My Projects/Fitness App - New/repped/.superpowers/brainstorm/51092-1777515989/content/progress-final6.html"}
{"type":"screen-updated","file":"/Users/meherzan/Desktop/My Projects/Fitness App - New/repped/.superpowers/brainstorm/51092-1777515989/content/progress-final6.html"}
{"type":"screen-added","file":"/Users/meherzan/Desktop/My Projects/Fitness App - New/repped/.superpowers/brainstorm/51092-1777515989/content/progress-final7.html"}
{"type":"screen-updated","file":"/Users/meherzan/Desktop/My Projects/Fitness App - New/repped/.superpowers/brainstorm/51092-1777515989/content/progress-final7.html"}
{"type":"screen-added","file":"/Users/meherzan/Desktop/My Projects/Fitness App - New/repped/.superpowers/brainstorm/51092-1777515989/content/progress-final8.html"}
{"type":"screen-updated","file":"/Users/meherzan/Desktop/My Projects/Fitness App - New/repped/.superpowers/brainstorm/51092-1777515989/content/progress-final8.html"}
{"type":"screen-added","file":"/Users/meherzan/Desktop/My Projects/Fitness App - New/repped/.superpowers/brainstorm/51092-1777515989/content/progress-final9.html"}
{"type":"server-stopped","reason":"owner process exited"}
