{"type":"server-started","port":63256,"host":"127.0.0.1","url_host":"localhost","url":"http://localhost:63256","screen_dir":"/Users/meherzan/Desktop/My Projects/Fitness App - New/repped/.superpowers/brainstorm/59695-1774319410"}
{"type":"screen-added","file":"/Users/meherzan/Desktop/My Projects/Fitness App - New/repped/.superpowers/brainstorm/59695-1774319410/nutrition-layouts.html"}
{"type":"screen-added","file":"/Users/meherzan/Desktop/My Projects/Fitness App - New/repped/.superpowers/brainstorm/59695-1774319410/nutrition-v2.html"}
{"type":"screen-added","file":"/Users/meherzan/Desktop/My Projects/Fitness App - New/repped/.superpowers/brainstorm/59695-1774319410/nutrition-all-six.html"}
{"type":"screen-added","file":"/Users/meherzan/Desktop/My Projects/Fitness App - New/repped/.superpowers/brainstorm/59695-1774319410/nutrition-atmosphere.html"}
{"type":"screen-added","file":"/Users/meherzan/Desktop/My Projects/Fitness App - New/repped/.superpowers/brainstorm/59695-1774319410/nutrition-immersive.html"}
{"type":"screen-added","file":"/Users/meherzan/Desktop/My Projects/Fitness App - New/repped/.superpowers/brainstorm/59695-1774319410/nutrition-subtle-immersive.html"}
{"type":"screen-added","file":"/Users/meherzan/Desktop/My Projects/Fitness App - New/repped/.superpowers/brainstorm/59695-1774319410/nutrition-bg-play.html"}
{"type":"screen-added","file":"/Users/meherzan/Desktop/My Projects/Fitness App - New/repped/.superpowers/brainstorm/59695-1774319410/nutrition-living-bg.html"}
{"type":"screen-added","file":"/Users/meherzan/Desktop/My Projects/Fitness App - New/repped/.superpowers/brainstorm/59695-1774319410/nutrition-visible-bg.html"}
{"type":"screen-updated","file":"/Users/meherzan/Desktop/My Projects/Fitness App - New/repped/.superpowers/brainstorm/59695-1774319410/nutrition-visible-bg.html"}
{"type":"screen-updated","file":"/Users/meherzan/Desktop/My Projects/Fitness App - New/repped/.superpowers/brainstorm/59695-1774319410/nutrition-visible-bg.html"}
{"type":"screen-updated","file":"/Users/meherzan/Desktop/My Projects/Fitness App - New/repped/.superpowers/brainstorm/59695-1774319410/nutrition-visible-bg.html"}
{"type":"screen-updated","file":"/Users/meherzan/Desktop/My Projects/Fitness App - New/repped/.superpowers/brainstorm/59695-1774319410/nutrition-visible-bg.html"}
{"type":"screen-updated","file":"/Users/meherzan/Desktop/My Projects/Fitness App - New/repped/.superpowers/brainstorm/59695-1774319410/nutrition-visible-bg.html"}
{"type":"screen-updated","file":"/Users/meherzan/Desktop/My Projects/Fitness App - New/repped/.superpowers/brainstorm/59695-1774319410/nutrition-visible-bg.html"}
{"type":"screen-updated","file":"/Users/meherzan/Desktop/My Projects/Fitness App - New/repped/.superpowers/brainstorm/59695-1774319410/nutrition-visible-bg.html"}
{"type":"screen-updated","file":"/Users/meherzan/Desktop/My Projects/Fitness App - New/repped/.superpowers/brainstorm/59695-1774319410/nutrition-visible-bg.html"}
{"type":"screen-updated","file":"/Users/meherzan/Desktop/My Projects/Fitness App - New/repped/.superpowers/brainstorm/59695-1774319410/nutrition-visible-bg.html"}
{"type":"screen-updated","file":"/Users/meherzan/Desktop/My Projects/Fitness App - New/repped/.superpowers/brainstorm/59695-1774319410/nutrition-visible-bg.html"}
{"type":"screen-updated","file":"/Users/meherzan/Desktop/My Projects/Fitness App - New/repped/.superpowers/brainstorm/59695-1774319410/nutrition-visible-bg.html"}
{"type":"screen-added","file":"/Users/meherzan/Desktop/My Projects/Fitness App - New/repped/.superpowers/brainstorm/59695-1774319410/nutrition-gradient.html"}
{"type":"screen-updated","file":"/Users/meherzan/Desktop/My Projects/Fitness App - New/repped/.superpowers/brainstorm/59695-1774319410/nutrition-gradient.html"}
{"type":"screen-updated","file":"/Users/meherzan/Desktop/My Projects/Fitness App - New/repped/.superpowers/brainstorm/59695-1774319410/nutrition-gradient.html"}
{"type":"screen-updated","file":"/Users/meherzan/Desktop/My Projects/Fitness App - New/repped/.superpowers/brainstorm/59695-1774319410/nutrition-gradient.html"}
{"type":"screen-added","file":"/Users/meherzan/Desktop/My Projects/Fitness App - New/repped/.superpowers/brainstorm/59695-1774319410/nutrition-layouts-bold.html"}
{"type":"screen-added","file":"/Users/meherzan/Desktop/My Projects/Fitness App - New/repped/.superpowers/brainstorm/59695-1774319410/nutrition-outside-box.html"}
{"type":"screen-added","file":"/Users/meherzan/Desktop/My Projects/Fitness App - New/repped/.superpowers/brainstorm/59695-1774319410/nutrition-more.html"}
{"type":"screen-added","file":"/Users/meherzan/Desktop/My Projects/Fitness App - New/repped/.superpowers/brainstorm/59695-1774319410/nutrition-final-options.html"}
{"type":"screen-added","file":"/Users/meherzan/Desktop/My Projects/Fitness App - New/repped/.superpowers/brainstorm/59695-1774319410/nutrition-simple.html"}
{"type":"screen-updated","file":"/Users/meherzan/Desktop/My Projects/Fitness App - New/repped/.superpowers/brainstorm/59695-1774319410/nutrition-simple.html"}
{"type":"screen-updated","file":"/Users/meherzan/Desktop/My Projects/Fitness App - New/repped/.superpowers/brainstorm/59695-1774319410/nutrition-simple.html"}
{"type":"screen-updated","file":"/Users/meherzan/Desktop/My Projects/Fitness App - New/repped/.superpowers/brainstorm/59695-1774319410/nutrition-simple.html"}
{"type":"screen-added","file":"/Users/meherzan/Desktop/My Projects/Fitness App - New/repped/.superpowers/brainstorm/59695-1774319410/nutrition-cuisine-filters.html"}
{"type":"screen-added","file":"/Users/meherzan/Desktop/My Projects/Fitness App - New/repped/.superpowers/brainstorm/59695-1774319410/nutrition-f1-variations.html"}
{"type":"screen-updated","file":"/Users/meherzan/Desktop/My Projects/Fitness App - New/repped/.superpowers/brainstorm/59695-1774319410/nutrition-simple.html"}
{"type":"screen-updated","file":"/Users/meherzan/Desktop/My Projects/Fitness App - New/repped/.superpowers/brainstorm/59695-1774319410/nutrition-simple.html"}
{"type":"screen-updated","file":"/Users/meherzan/Desktop/My Projects/Fitness App - New/repped/.superpowers/brainstorm/59695-1774319410/nutrition-simple.html"}
{"type":"screen-added","file":"/Users/meherzan/Desktop/My Projects/Fitness App - New/repped/.superpowers/brainstorm/59695-1774319410/nutrition-meal-cards.html"}
{"type":"screen-added","file":"/Users/meherzan/Desktop/My Projects/Fitness App - New/repped/.superpowers/brainstorm/59695-1774319410/nutrition-meal-cards-2.html"}
{"type":"screen-added","file":"/Users/meherzan/Desktop/My Projects/Fitness App - New/repped/.superpowers/brainstorm/59695-1774319410/nutrition-hybrid.html"}
{"type":"screen-added","file":"/Users/meherzan/Desktop/My Projects/Fitness App - New/repped/.superpowers/brainstorm/59695-1774319410/nutrition-h1-refined.html"}
{"type":"screen-updated","file":"/Users/meherzan/Desktop/My Projects/Fitness App - New/repped/.superpowers/brainstorm/59695-1774319410/nutrition-h1-refined.html"}
{"type":"screen-updated","file":"/Users/meherzan/Desktop/My Projects/Fitness App - New/repped/.superpowers/brainstorm/59695-1774319410/nutrition-h1-refined.html"}
{"type":"screen-updated","file":"/Users/meherzan/Desktop/My Projects/Fitness App - New/repped/.superpowers/brainstorm/59695-1774319410/nutrition-h1-refined.html"}
{"type":"screen-updated","file":"/Users/meherzan/Desktop/My Projects/Fitness App - New/repped/.superpowers/brainstorm/59695-1774319410/nutrition-h1-refined.html"}
{"type":"screen-updated","file":"/Users/meherzan/Desktop/My Projects/Fitness App - New/repped/.superpowers/brainstorm/59695-1774319410/nutrition-h1-refined.html"}
{"type":"screen-updated","file":"/Users/meherzan/Desktop/My Projects/Fitness App - New/repped/.superpowers/brainstorm/59695-1774319410/nutrition-h1-refined.html"}
{"type":"screen-updated","file":"/Users/meherzan/Desktop/My Projects/Fitness App - New/repped/.superpowers/brainstorm/59695-1774319410/nutrition-h1-refined.html"}
{"type":"screen-updated","file":"/Users/meherzan/Desktop/My Projects/Fitness App - New/repped/.superpowers/brainstorm/59695-1774319410/nutrition-h1-refined.html"}
{"type":"screen-updated","file":"/Users/meherzan/Desktop/My Projects/Fitness App - New/repped/.superpowers/brainstorm/59695-1774319410/nutrition-h1-refined.html"}
{"type":"screen-updated","file":"/Users/meherzan/Desktop/My Projects/Fitness App - New/repped/.superpowers/brainstorm/59695-1774319410/nutrition-h1-refined.html"}
{"type":"screen-updated","file":"/Users/meherzan/Desktop/My Projects/Fitness App - New/repped/.superpowers/brainstorm/59695-1774319410/nutrition-h1-refined.html"}
{"type":"screen-updated","file":"/Users/meherzan/Desktop/My Projects/Fitness App - New/repped/.superpowers/brainstorm/59695-1774319410/nutrition-h1-refined.html"}
{"type":"screen-updated","file":"/Users/meherzan/Desktop/My Projects/Fitness App - New/repped/.superpowers/brainstorm/59695-1774319410/nutrition-h1-refined.html"}
{"type":"screen-updated","file":"/Users/meherzan/Desktop/My Projects/Fitness App - New/repped/.superpowers/brainstorm/59695-1774319410/nutrition-h1-refined.html"}
{"type":"screen-updated","file":"/Users/meherzan/Desktop/My Projects/Fitness App - New/repped/.superpowers/brainstorm/59695-1774319410/nutrition-h1-refined.html"}
{"type":"screen-updated","file":"/Users/meherzan/Desktop/My Projects/Fitness App - New/repped/.superpowers/brainstorm/59695-1774319410/nutrition-h1-refined.html"}
{"type":"screen-updated","file":"/Users/meherzan/Desktop/My Projects/Fitness App - New/repped/.superpowers/brainstorm/59695-1774319410/nutrition-h1-refined.html"}
{"type":"screen-updated","file":"/Users/meherzan/Desktop/My Projects/Fitness App - New/repped/.superpowers/brainstorm/59695-1774319410/nutrition-h1-refined.html"}
{"type":"server-stopped","reason":"owner process exited"}
