{"type":"server-started","port":56188,"host":"127.0.0.1","url_host":"localhost","url":"http://localhost:56188","screen_dir":"/Users/meherzan/Desktop/My Projects/Fitness App - New/repped/.superpowers/brainstorm/55656-1774314320"}
{"type":"screen-added","file":"/Users/meherzan/Desktop/My Projects/Fitness App - New/repped/.superpowers/brainstorm/55656-1774314320/design-direction.html"}
{"source":"user-event","type":"click","text":"A\n    \n      Refined & Minimal (Apple / Linear style)\n      Vibe: Calm confidence. Every motion is earned and purposeful.\n      Key effects:\n      \n        Smooth spring transitions between screens (fade + subtle slide)\n        Counting number animations for stats (0 → 87%)\n        Progress ring animated fill on mount\n        Staggered card entrances (200ms delay cascade)\n        Floating label inputs in onboarding\n        Skeleton shimmer loading states\n      \n      From libraries: Animate UI counting numbers, sliding numbers, shimmer text • Aceternity focus cards, floating navbar, tabs • Jitter micro-interactions (toast, dialog easing curves)\n      Think: Apple Fitness+, Linear app, Stripe dashboard","choice":"a","id":null,"timestamp":1774314407075}
{"source":"user-event","type":"click","text":"A\n    \n      Refined & Minimal (Apple / Linear style)\n      Vibe: Calm confidence. Every motion is earned and purposeful.\n      Key effects:\n      \n        Smooth spring transitions between screens (fade + subtle slide)\n        Counting number animations for stats (0 → 87%)\n        Progress ring animated fill on mount\n        Staggered card entrances (200ms delay cascade)\n        Floating label inputs in onboarding\n        Skeleton shimmer loading states\n      \n      From libraries: Animate UI counting numbers, sliding numbers, shimmer text • Aceternity focus cards, floating navbar, tabs • Jitter micro-interactions (toast, dialog easing curves)\n      Think: Apple Fitness+, Linear app, Stripe dashboard","choice":"a","id":null,"timestamp":1774314408490}
{"source":"user-event","type":"click","text":"B\n    \n      Bold & Expressive (Aceternity / Hover.dev style)\n      Vibe: Wow factor. Interactions feel alive and surprising.\n      Key effects:\n      \n        3D tilt cards for exercises (gyroscope-driven on mobile)\n        Spotlight/glow effects on achievement badges\n        Parallax scroll on home screen header\n        Magnetic press effects on buttons\n        Background gradient animations on key screens\n        Expandable cards with spring physics\n        PR celebration with particle burst\n      \n      From libraries: Aceternity 3D cards, spotlight, aurora background, expandable cards, sparkles • Hover.dev 3D sections, countdown • Animate UI particles, tilt, magnetic effect\n      Think: Nike Training Club, Strava premium, Superhuman","choice":"b","id":null,"timestamp":1774314409957}
{"source":"user-event","type":"click","text":"C\n    \n      Playful & Energetic (Fitness-native style)\n      Vibe: Motivational and gamified. The app cheers you on.\n      Key effects:\n      \n        Bouncy spring animations on everything (overshoot easing)\n        Confetti/fireworks on workout completion & PRs\n        Pulsing glow on active workout timer\n        Animated streak flames for consistency\n        Badge unlock animations with scale-bounce + shine sweep\n        Rolling/flipping numbers for live stats\n        Ripple button effects on CTA presses\n        Heatmap cells that pop in with staggered scale\n      \n      From libraries: Animate UI fireworks, ripple button, rolling text, flip button • Aceternity sparkles, meteors, moving border • Hover.dev countdown, loaders • ReactBits animated counters\n      Think: Duolingo, Ring Fit, Peloton celebrations","choice":"c","id":null,"timestamp":1774314410490}
{"type":"screen-added","file":"/Users/meherzan/Desktop/My Projects/Fitness App - New/repped/.superpowers/brainstorm/55656-1774314320/all-three-directions.html"}
{"type":"screen-added","file":"/Users/meherzan/Desktop/My Projects/Fitness App - New/repped/.superpowers/brainstorm/55656-1774314320/mindblowing-directions.html"}
{"type":"screen-added","file":"/Users/meherzan/Desktop/My Projects/Fitness App - New/repped/.superpowers/brainstorm/55656-1774314320/living-organism-v2.html"}
{"type":"screen-added","file":"/Users/meherzan/Desktop/My Projects/Fitness App - New/repped/.superpowers/brainstorm/55656-1774314320/radical-layouts.html"}
{"type":"screen-added","file":"/Users/meherzan/Desktop/My Projects/Fitness App - New/repped/.superpowers/brainstorm/55656-1774314320/magnetic-personal.html"}
{"type":"screen-added","file":"/Users/meherzan/Desktop/My Projects/Fitness App - New/repped/.superpowers/brainstorm/55656-1774314320/gallery.html"}
{"type":"screen-added","file":"/Users/meherzan/Desktop/My Projects/Fitness App - New/repped/.superpowers/brainstorm/55656-1774314320/full-gallery.html"}
{"type":"screen-added","file":"/Users/meherzan/Desktop/My Projects/Fitness App - New/repped/.superpowers/brainstorm/55656-1774314320/terrain-magnetic-fusion.html"}
{"type":"screen-added","file":"/Users/meherzan/Desktop/My Projects/Fitness App - New/repped/.superpowers/brainstorm/55656-1774314320/terrain-magnetic-clean.html"}
{"type":"screen-added","file":"/Users/meherzan/Desktop/My Projects/Fitness App - New/repped/.superpowers/brainstorm/55656-1774314320/exercise-cards-expand.html"}
{"type":"screen-added","file":"/Users/meherzan/Desktop/My Projects/Fitness App - New/repped/.superpowers/brainstorm/55656-1774314320/full-home-merged.html"}
{"type":"screen-updated","file":"/Users/meherzan/Desktop/My Projects/Fitness App - New/repped/.superpowers/brainstorm/55656-1774314320/full-home-merged.html"}
{"type":"screen-updated","file":"/Users/meherzan/Desktop/My Projects/Fitness App - New/repped/.superpowers/brainstorm/55656-1774314320/full-home-merged.html"}
{"type":"screen-updated","file":"/Users/meherzan/Desktop/My Projects/Fitness App - New/repped/.superpowers/brainstorm/55656-1774314320/full-home-merged.html"}
{"type":"screen-updated","file":"/Users/meherzan/Desktop/My Projects/Fitness App - New/repped/.superpowers/brainstorm/55656-1774314320/full-home-merged.html"}
{"type":"server-stopped","reason":"idle timeout"}
