{"type":"server-started","port":56009,"host":"127.0.0.1","url_host":"localhost","url":"http://localhost:56009","screen_dir":"/Users/meherzan/Desktop/My Projects/Fitness App - New/repped/.superpowers/brainstorm/67399-1774368194"}
{"type":"screen-added","file":"/Users/meherzan/Desktop/My Projects/Fitness App - New/repped/.superpowers/brainstorm/67399-1774368194/recipe-layouts.html"}
{"type":"screen-added","file":"/Users/meherzan/Desktop/My Projects/Fitness App - New/repped/.superpowers/brainstorm/67399-1774368194/recipe-bold.html"}
{"type":"screen-added","file":"/Users/meherzan/Desktop/My Projects/Fitness App - New/repped/.superpowers/brainstorm/67399-1774368194/recipe-c-variants.html"}
{"type":"screen-added","file":"/Users/meherzan/Desktop/My Projects/Fitness App - New/repped/.superpowers/brainstorm/67399-1774368194/recipe-c1-evolved.html"}
{"type":"screen-added","file":"/Users/meherzan/Desktop/My Projects/Fitness App - New/repped/.superpowers/brainstorm/67399-1774368194/recipe-v1-final.html"}
{"type":"screen-added","file":"/Users/meherzan/Desktop/My Projects/Fitness App - New/repped/.superpowers/brainstorm/67399-1774368194/recipe-compact.html"}
{"type":"screen-added","file":"/Users/meherzan/Desktop/My Projects/Fitness App - New/repped/.superpowers/brainstorm/67399-1774368194/recipe-pitch.html"}
{"type":"screen-added","file":"/Users/meherzan/Desktop/My Projects/Fitness App - New/repped/.superpowers/brainstorm/67399-1774368194/recipe-beautiful.html"}
{"type":"screen-added","file":"/Users/meherzan/Desktop/My Projects/Fitness App - New/repped/.superpowers/brainstorm/67399-1774368194/recipe-6-options.html"}
{"type":"screen-added","file":"/Users/meherzan/Desktop/My Projects/Fitness App - New/repped/.superpowers/brainstorm/67399-1774368194/recipe-fusion.html"}
{"type":"screen-added","file":"/Users/meherzan/Desktop/My Projects/Fitness App - New/repped/.superpowers/brainstorm/67399-1774368194/recipe-ingredient-options.html"}
{"type":"screen-added","file":"/Users/meherzan/Desktop/My Projects/Fitness App - New/repped/.superpowers/brainstorm/67399-1774368194/recipe-final.html"}
{"type":"screen-added","file":"/Users/meherzan/Desktop/My Projects/Fitness App - New/repped/.superpowers/brainstorm/67399-1774368194/recipe-ing-focus.html"}
{"type":"screen-added","file":"/Users/meherzan/Desktop/My Projects/Fitness App - New/repped/.superpowers/brainstorm/67399-1774368194/recipe-steps-focus.html"}
{"type":"screen-added","file":"/Users/meherzan/Desktop/My Projects/Fitness App - New/repped/.superpowers/brainstorm/67399-1774368194/recipe-complete.html"}
{"type":"screen-updated","file":"/Users/meherzan/Desktop/My Projects/Fitness App - New/repped/.superpowers/brainstorm/67399-1774368194/recipe-complete.html"}
{"type":"screen-updated","file":"/Users/meherzan/Desktop/My Projects/Fitness App - New/repped/.superpowers/brainstorm/67399-1774368194/recipe-complete.html"}
{"type":"screen-updated","file":"/Users/meherzan/Desktop/My Projects/Fitness App - New/repped/.superpowers/brainstorm/67399-1774368194/recipe-complete.html"}
{"type":"screen-updated","file":"/Users/meherzan/Desktop/My Projects/Fitness App - New/repped/.superpowers/brainstorm/67399-1774368194/recipe-complete.html"}
{"type":"screen-updated","file":"/Users/meherzan/Desktop/My Projects/Fitness App - New/repped/.superpowers/brainstorm/67399-1774368194/recipe-complete.html"}
{"type":"screen-updated","file":"/Users/meherzan/Desktop/My Projects/Fitness App - New/repped/.superpowers/brainstorm/67399-1774368194/recipe-complete.html"}
{"type":"screen-updated","file":"/Users/meherzan/Desktop/My Projects/Fitness App - New/repped/.superpowers/brainstorm/67399-1774368194/recipe-complete.html"}
{"type":"screen-updated","file":"/Users/meherzan/Desktop/My Projects/Fitness App - New/repped/.superpowers/brainstorm/67399-1774368194/recipe-complete.html"}
{"type":"screen-updated","file":"/Users/meherzan/Desktop/My Projects/Fitness App - New/repped/.superpowers/brainstorm/67399-1774368194/recipe-complete.html"}
{"type":"screen-updated","file":"/Users/meherzan/Desktop/My Projects/Fitness App - New/repped/.superpowers/brainstorm/67399-1774368194/recipe-complete.html"}
{"type":"screen-updated","file":"/Users/meherzan/Desktop/My Projects/Fitness App - New/repped/.superpowers/brainstorm/67399-1774368194/recipe-complete.html"}
{"type":"screen-updated","file":"/Users/meherzan/Desktop/My Projects/Fitness App - New/repped/.superpowers/brainstorm/67399-1774368194/recipe-complete.html"}
{"type":"screen-updated","file":"/Users/meherzan/Desktop/My Projects/Fitness App - New/repped/.superpowers/brainstorm/67399-1774368194/recipe-complete.html"}
{"type":"screen-updated","file":"/Users/meherzan/Desktop/My Projects/Fitness App - New/repped/.superpowers/brainstorm/67399-1774368194/recipe-complete.html"}
{"type":"screen-updated","file":"/Users/meherzan/Desktop/My Projects/Fitness App - New/repped/.superpowers/brainstorm/67399-1774368194/recipe-complete.html"}
{"type":"screen-updated","file":"/Users/meherzan/Desktop/My Projects/Fitness App - New/repped/.superpowers/brainstorm/67399-1774368194/recipe-complete.html"}
{"type":"screen-updated","file":"/Users/meherzan/Desktop/My Projects/Fitness App - New/repped/.superpowers/brainstorm/67399-1774368194/recipe-complete.html"}
{"type":"screen-added","file":"/Users/meherzan/Desktop/My Projects/Fitness App - New/repped/.superpowers/brainstorm/67399-1774368194/progress-options.html"}
{"type":"server-stopped","reason":"idle timeout"}
